
Memory Configuration

Name             Origin             Length             Attributes
FLASH            0x08000000         0x00100000         xr
SRAM             0x20000000         0x00020000         xrw
*default*        0x00000000         0xffffffff

Linker script and memory map

LOAD ./output/main.o
LOAD ./output/main1.o
LOAD ./output/stm32_startup.o
LOAD ./output/main2.o

.text           0x08000000      0x314
 *(.isr_vector)
 .isr_vector    0x08000000      0x188 ./output/stm32_startup.o
                0x08000000                vector
 *(.text)
 .text          0x08000188       0xfc ./output/main.o
                0x08000188                main
                0x08000234                Systick_Delay_ms
 .text          0x08000284        0x0 ./output/main1.o
 .text          0x08000284       0x90 ./output/stm32_startup.o
                0x08000284                RTC_Alarm_IRQHandler
                0x08000284                HASH_RNG_IRQHandler
                0x08000284                EXTI2_IRQHandler
                0x08000284                TIM8_CC_IRQHandler
                0x08000284                DebugMon_Handler
                0x08000284                TIM1_CC_IRQHandler
                0x08000284                DMA2_Stream5_IRQHandler
                0x08000284                HardFault_Handler
                0x08000284                DMA1_Stream5_IRQHandler
                0x08000284                SysTick_Handler
                0x08000284                PVD_IRQHandler
                0x08000284                SDIO_IRQHandler
                0x08000284                TAMP_STAMP_IRQHandler
                0x08000284                PendSV_Handler
                0x08000284                NMI_Handler
                0x08000284                CAN2_RX1_IRQHandler
                0x08000284                EXTI3_IRQHandler
                0x08000284                TIM8_TRG_COM_TIM14_IRQHandler
                0x08000284                TIM1_UP_TIM10_IRQHandler
                0x08000284                TIM8_UP_TIM13_IRQHandler
                0x08000284                I2C3_ER_IRQHandler
                0x08000284                EXTI0_IRQHandler
                0x08000284                I2C2_EV_IRQHandler
                0x08000284                DMA1_Stream2_IRQHandler
                0x08000284                CAN1_RX0_IRQHandler
                0x08000284                FPU_IRQHandler
                0x08000284                OTG_HS_WKUP_IRQHandler
                0x08000284                UsageFault_Handler
                0x08000284                CAN2_SCE_IRQHandler
                0x08000284                DMA2_Stream2_IRQHandler
                0x08000284                SPI1_IRQHandler
                0x08000284                TIM6_DAC_IRQHandler
                0x08000284                TIM1_BRK_TIM9_IRQHandler
                0x08000284                DCMI_IRQHandler
                0x08000284                CAN2_RX0_IRQHandler
                0x08000284                DMA2_Stream3_IRQHandler
                0x08000284                USART6_IRQHandler
                0x08000284                USART3_IRQHandler
                0x08000284                CRYP_IRQHandler
                0x08000284                DMA2_Stream6_IRQHandler
                0x08000284                CAN1_RX1_IRQHandler
                0x08000284                UART5_IRQHandler
                0x08000284                DMA2_Stream0_IRQHandler
                0x08000284                TIM4_IRQHandler
                0x08000284                I2C1_EV_IRQHandler
                0x08000284                DMA1_Stream6_IRQHandler
                0x08000284                DMA1_Stream1_IRQHandler
                0x08000284                UART4_IRQHandler
                0x08000284                TIM3_IRQHandler
                0x08000284                RCC_IRQHandler
                0x08000284                TIM8_BRK_TIM12_IRQHandler
                0x08000284                Default_Handler
                0x08000284                EXTI15_10_IRQHandler
                0x08000284                ADC_IRQHandler
                0x08000284                DMA1_Stream7_IRQHandler
                0x08000284                TIM7_IRQHandler
                0x08000284                CAN2_TX_IRQHandler
                0x08000284                TIM5_IRQHandler
                0x08000284                DMA2_Stream7_IRQHandler
                0x08000284                I2C3_EV_IRQHandler
                0x08000284                EXTI9_5_IRQHandler
                0x08000284                RTC_WKUP_IRQHandler
                0x08000284                ETH_WKUP_IRQHandler
                0x08000284                SPI2_IRQHandler
                0x08000284                OTG_HS_EP1_IN_IRQHandler
                0x08000284                MemManage_Handler
                0x08000284                DMA1_Stream0_IRQHandler
                0x08000284                CAN1_TX_IRQHandler
                0x08000284                SVC_Handler
                0x08000284                EXTI4_IRQHandler
                0x08000284                FSMC_IRQHandler
                0x08000284                ETH_IRQHandler
                0x08000284                OTG_HS_EP1_OUT_IRQHandler
                0x08000284                WWDG_IRQHandler
                0x08000284                TIM2_IRQHandler
                0x08000284                OTG_FS_WKUP_IRQHandler
                0x08000284                TIM1_TRG_COM_TIM11_IRQHandler
                0x08000284                OTG_HS_IRQHandler
                0x08000284                EXTI1_IRQHandler
                0x08000284                USART2_IRQHandler
                0x08000284                I2C2_ER_IRQHandler
                0x08000284                DMA2_Stream1_IRQHandler
                0x08000284                CAN1_SCE_IRQHandler
                0x08000284                FLASH_IRQHandler
                0x08000284                DMA2_Stream4_IRQHandler
                0x08000284                BusFault_Handler
                0x08000284                USART1_IRQHandler
                0x08000284                OTG_FS_IRQHandler
                0x08000284                SPI3_IRQHandler
                0x08000284                DMA1_Stream4_IRQHandler
                0x08000284                I2C1_ER_IRQHandler
                0x08000284                DMA1_Stream3_IRQHandler
                0x0800028a                Reset_Handler
 .text          0x08000314        0x0 ./output/main2.o
 *(.rodata)
                0x08000314                . = ALIGN (0x4)
                0x08000314                _end_of_text = .
                0x08000314                _la_data = LOADADDR (.data)

.glue_7         0x08000314        0x0
 .glue_7        0x08000314        0x0 linker stubs

.glue_7t        0x08000314        0x0
 .glue_7t       0x08000314        0x0 linker stubs

.vfp11_veneer   0x08000314        0x0
 .vfp11_veneer  0x08000314        0x0 linker stubs

.v4_bx          0x08000314        0x0
 .v4_bx         0x08000314        0x0 linker stubs

.iplt           0x08000314        0x0
 .iplt          0x08000314        0x0 ./output/main.o

.rel.dyn        0x08000314        0x0
 .rel.iplt      0x08000314        0x0 ./output/main.o

.data           0x20000000        0xc load address 0x08000314
                0x20000000                _start_data = .
 *(.data)
 .data          0x20000000        0xc ./output/main.o
                0x20000000                Systick
                0x20000004                Initialized_global_data
 .data          0x2000000c        0x0 ./output/main1.o
 .data          0x2000000c        0x0 ./output/stm32_startup.o
 .data          0x2000000c        0x0 ./output/main2.o
                0x2000000c                . = ALIGN (0x4)
                0x2000000c                _end_data = .

.igot.plt       0x2000000c        0x0 load address 0x08000320
 .igot.plt      0x2000000c        0x0 ./output/main.o

.bss            0x2000000c        0x8 load address 0x08000320
                0x2000000c                _start_bss = .
                0x2000000c                __bss_start__ = _start_bss
 *(.bss)
 .bss           0x2000000c        0x8 ./output/main.o
 .bss           0x20000014        0x0 ./output/main1.o
 .bss           0x20000014        0x0 ./output/stm32_startup.o
 .bss           0x20000014        0x0 ./output/main2.o
 *(COMMON)
                0x20000014                . = ALIGN (0x4)
                0x20000014                _end_bss = .
                0x20000014                __bss_end__ = _end_bss
                0x20000014                . = ALIGN (0x4)
                0x20000014                end = .
OUTPUT(./output/Test_linker_startup_file_with_StandartMakefile.elf elf32-littlearm)
LOAD linker stubs

.comment        0x00000000       0x49
 .comment       0x00000000       0x49 ./output/main.o
                                 0x4a (size before relaxing)
 .comment       0x00000049       0x4a ./output/main1.o
 .comment       0x00000049       0x4a ./output/stm32_startup.o
 .comment       0x00000049       0x4a ./output/main2.o

.ARM.attributes
                0x00000000       0x2e
 .ARM.attributes
                0x00000000       0x2e ./output/main.o
 .ARM.attributes
                0x0000002e       0x2e ./output/main1.o
 .ARM.attributes
                0x0000005c       0x2e ./output/stm32_startup.o
 .ARM.attributes
                0x0000008a       0x2e ./output/main2.o
